// Jest Snapshot v1, https://goo.gl/fbAQLP

exports[`Check DateRange snapshots collection is DateRange render right? 1`] = `
<div
  class="daterange-wrapper"
>
  <div
    class="datepicker-wrapper"
  >
    <div
      class="datepicker-input-wrapper"
    >
      <input
        aria-invalid="false"
        class="datepicker-input"
        maxlength="11"
        name="test-from"
        value=""
      />
      <span
        class="datepicker-icons-wrapper"
      >
        <span
          class="datepicker-calendar-icon"
        />
      </span>
    </div>
  </div>
  <span
    class="daterange-delimiter"
  >
    â€”
  </span>
  <div
    class="datepicker-wrapper"
  >
    <div
      class="datepicker-input-wrapper"
    >
      <input
        aria-invalid="false"
        class="datepicker-input"
        maxlength="11"
        name="test-to"
        value=""
      />
      <span
        class="datepicker-icons-wrapper"
      >
        <span
          class="datepicker-calendar-icon"
        />
      </span>
    </div>
  </div>
</div>
`;
