// Jest Snapshot v1, https://goo.gl/fbAQLP

exports[`Check DateTimePicker snapshots collection is DateTimePicker render right? 1`] = `
<div
  class="datepicker-wrapper"
>
  <div
    class="datepicker-input-wrapper"
  >
    <input
      aria-invalid="false"
      class="datepicker-input"
      maxlength="17"
      name="test"
      value=""
    />
    <span
      class="datepicker-icons-wrapper"
    >
      <span
        class="datepicker-calendar-icon"
      />
    </span>
  </div>
</div>
`;
