// Jest Snapshot v1, https://goo.gl/fbAQLP

exports[`Check ButtonGroup snapshots collection is ButtonGroup render right? 1`] = `
<div
  class="button-group-wrapper"
>
  <div
    aria-invalid="false"
    class="button-group-buttons-wrapper"
    role="group"
  >
    <button
      class="button-wrapper button-group-item first"
      type="button"
    >
      Petya
    </button>
    <button
      class="button-wrapper button-group-item"
      type="button"
    >
      Vasya
    </button>
    <button
      class="button-wrapper button-group-item last"
      type="button"
    >
      Oleg
    </button>
  </div>
</div>
`;

exports[`Check ButtonGroup snapshots collection is ButtonGroup without data render right? 1`] = `null`;
